---
source: crates/uv-resolver/src/lock/tests.rs
expression: result
---
Ok(
    Lock {
        version: 1,
        fork_markers: [],
        conflicts: Conflicts(
            [],
        ),
        supported_environments: [],
        requires_python: RequiresPython {
            specifiers: VersionSpecifiers(
                [
                    VersionSpecifier {
                        operator: GreaterThanEqual,
                        version: "3.12",
                    },
                ],
            ),
            range: RequiresPythonRange(
                LowerBound(
                    Included(
                        "3.12",
                    ),
                ),
                UpperBound(
                    Unbounded,
                ),
            ),
        },
        options: ResolverOptions {
            resolution_mode: Highest,
            prerelease_mode: IfNecessaryOrExplicit,
            exclude_newer: None,
        },
        packages: [
            Package {
                id: PackageId {
                    name: PackageName(
                        "anyio",
                    ),
                    version: "4.3.0",
                    source: Directory(
                        "path/to/dir",
                    ),
                },
                sdist: None,
                wheels: [],
                fork_markers: [],
                dependencies: [],
                optional_dependencies: {},
                dependency_groups: {},
                metadata: PackageMetadata {
                    requires_dist: {},
                    dependency_groups: {},
                },
            },
        ],
        by_id: {
            PackageId {
                name: PackageName(
                    "anyio",
                ),
                version: "4.3.0",
                source: Directory(
                    "path/to/dir",
                ),
            }: 0,
        },
        manifest: ResolverManifest {
            members: {},
            requirements: {},
            constraints: {},
            overrides: {},
            dependency_metadata: {},
        },
    },
)
