---
source: crates/uv-requirements-txt/src/lib.rs
expression: actual
---
RequirementsTxt {
    requirements: [
        RequirementEntry {
            requirement: Named(
                Requirement {
                    name: PackageName(
                        "numpy",
                    ),
                    extras: [],
                    version_or_url: None,
                    marker: true,
                    origin: Some(
                        File(
                            "<REQUIREMENTS_DIR>/whitespace.txt",
                        ),
                    ),
                },
            ),
            hashes: [],
        },
        RequirementEntry {
            requirement: Named(
                Requirement {
                    name: PackageName(
                        "pandas",
                    ),
                    extras: [
                        ExtraName(
                            "tabulate",
                        ),
                    ],
                    version_or_url: Some(
                        Url(
                            VerbatimParsedUrl {
                                parsed_url: Git(
                                    ParsedGitUrl {
                                        url: GitUrl {
                                            repository: https://github.com/pandas-dev/pandas.git,
                                            reference: DefaultBranch,
                                            precise: None,
                                        },
                                        subdirectory: None,
                                    },
                                ),
                                verbatim: VerbatimUrl {
                                    url: git+https://github.com/pandas-dev/pandas.git,
                                    given: Some(
                                        "git+https://github.com/pandas-dev/pandas.git",
                                    ),
                                },
                            },
                        ),
                    ),
                    marker: true,
                    origin: Some(
                        File(
                            "<REQUIREMENTS_DIR>/whitespace.txt",
                        ),
                    ),
                },
            ),
            hashes: [],
        },
    ],
    constraints: [],
    editables: [],
    index_url: None,
    extra_index_urls: [],
    find_links: [],
    no_index: false,
    no_binary: None,
    only_binary: None,
}
