---
source: crates/requirements-txt/src/lib.rs
expression: actual
---
RequirementsTxt {
    requirements: [],
    constraints: [],
    editables: [],
    index_url: None,
    extra_index_urls: [],
    find_links: [],
    no_index: false,
}
