---
source: crates/requirements-txt/src/lib.rs
expression: actual
---
RequirementsTxt {
    requirements: [],
    constraints: [],
    editables: [
        RequirementEntry {
            requirement: Unnamed(
                UnnamedRequirement {
                    url: VerbatimParsedUrl {
                        parsed_url: Path(
                            ParsedPathUrl {
                                url: Url {
                                    scheme: "file",
                                    cannot_be_a_base: false,
                                    username: "",
                                    password: None,
                                    host: None,
                                    port: None,
                                    path: "/<REQUIREMENTS_DIR>/editable",
                                    query: None,
                                    fragment: None,
                                },
                                install_path: "<REQUIREMENTS_DIR>/editable",
                                lock_path: "./editable",
                                editable: true,
                            },
                        ),
                        verbatim: VerbatimUrl {
                            url: Url {
                                scheme: "file",
                                cannot_be_a_base: false,
                                username: "",
                                password: None,
                                host: None,
                                port: None,
                                path: "/<REQUIREMENTS_DIR>/editable",
                                query: None,
                                fragment: None,
                            },
                            given: Some(
                                "./editable",
                            ),
                        },
                    },
                    extras: [
                        ExtraName(
                            "d",
                        ),
                        ExtraName(
                            "dev",
                        ),
                    ],
                    marker: None,
                    origin: Some(
                        File(
                            "<REQUIREMENTS_DIR>/editable.txt",
                        ),
                    ),
                },
            ),
            hashes: [],
        },
        RequirementEntry {
            requirement: Unnamed(
                UnnamedRequirement {
                    url: VerbatimParsedUrl {
                        parsed_url: Path(
                            ParsedPathUrl {
                                url: Url {
                                    scheme: "file",
                                    cannot_be_a_base: false,
                                    username: "",
                                    password: None,
                                    host: None,
                                    port: None,
                                    path: "/<REQUIREMENTS_DIR>/editable",
                                    query: None,
                                    fragment: None,
                                },
                                install_path: "<REQUIREMENTS_DIR>/editable",
                                lock_path: "./editable",
                                editable: true,
                            },
                        ),
                        verbatim: VerbatimUrl {
                            url: Url {
                                scheme: "file",
                                cannot_be_a_base: false,
                                username: "",
                                password: None,
                                host: None,
                                port: None,
                                path: "/<REQUIREMENTS_DIR>/editable",
                                query: None,
                                fragment: None,
                            },
                            given: Some(
                                "./editable",
                            ),
                        },
                    },
                    extras: [
                        ExtraName(
                            "d",
                        ),
                        ExtraName(
                            "dev",
                        ),
                    ],
                    marker: None,
                    origin: Some(
                        File(
                            "<REQUIREMENTS_DIR>/editable.txt",
                        ),
                    ),
                },
            ),
            hashes: [],
        },
        RequirementEntry {
            requirement: Unnamed(
                UnnamedRequirement {
                    url: VerbatimParsedUrl {
                        parsed_url: Path(
                            ParsedPathUrl {
                                url: Url {
                                    scheme: "file",
                                    cannot_be_a_base: false,
                                    username: "",
                                    password: None,
                                    host: None,
                                    port: None,
                                    path: "/<REQUIREMENTS_DIR>/editable",
                                    query: None,
                                    fragment: None,
                                },
                                install_path: "<REQUIREMENTS_DIR>/editable",
                                lock_path: "./editable",
                                editable: true,
                            },
                        ),
                        verbatim: VerbatimUrl {
                            url: Url {
                                scheme: "file",
                                cannot_be_a_base: false,
                                username: "",
                                password: None,
                                host: None,
                                port: None,
                                path: "/<REQUIREMENTS_DIR>/editable",
                                query: None,
                                fragment: None,
                            },
                            given: Some(
                                "./editable",
                            ),
                        },
                    },
                    extras: [
                        ExtraName(
                            "d",
                        ),
                        ExtraName(
                            "dev",
                        ),
                    ],
                    marker: Some(
                        And(
                            [
                                Expression(
                                    Version {
                                        key: PythonVersion,
                                        specifier: VersionSpecifier {
                                            operator: GreaterThanEqual,
                                            version: "3.9",
                                        },
                                    },
                                ),
                                Expression(
                                    String {
                                        key: OsName,
                                        operator: Equal,
                                        value: "posix",
                                    },
                                ),
                            ],
                        ),
                    ),
                    origin: Some(
                        File(
                            "<REQUIREMENTS_DIR>/editable.txt",
                        ),
                    ),
                },
            ),
            hashes: [],
        },
        RequirementEntry {
            requirement: Unnamed(
                UnnamedRequirement {
                    url: VerbatimParsedUrl {
                        parsed_url: Path(
                            ParsedPathUrl {
                                url: Url {
                                    scheme: "file",
                                    cannot_be_a_base: false,
                                    username: "",
                                    password: None,
                                    host: None,
                                    port: None,
                                    path: "/<REQUIREMENTS_DIR>/editable",
                                    query: None,
                                    fragment: None,
                                },
                                install_path: "<REQUIREMENTS_DIR>/editable",
                                lock_path: "./editable",
                                editable: true,
                            },
                        ),
                        verbatim: VerbatimUrl {
                            url: Url {
                                scheme: "file",
                                cannot_be_a_base: false,
                                username: "",
                                password: None,
                                host: None,
                                port: None,
                                path: "/<REQUIREMENTS_DIR>/editable",
                                query: None,
                                fragment: None,
                            },
                            given: Some(
                                "./editable",
                            ),
                        },
                    },
                    extras: [
                        ExtraName(
                            "d",
                        ),
                        ExtraName(
                            "dev",
                        ),
                    ],
                    marker: Some(
                        And(
                            [
                                Expression(
                                    Version {
                                        key: PythonVersion,
                                        specifier: VersionSpecifier {
                                            operator: GreaterThanEqual,
                                            version: "3.9",
                                        },
                                    },
                                ),
                                Expression(
                                    String {
                                        key: OsName,
                                        operator: Equal,
                                        value: "posix",
                                    },
                                ),
                            ],
                        ),
                    ),
                    origin: Some(
                        File(
                            "<REQUIREMENTS_DIR>/editable.txt",
                        ),
                    ),
                },
            ),
            hashes: [],
        },
        RequirementEntry {
            requirement: Unnamed(
                UnnamedRequirement {
                    url: VerbatimParsedUrl {
                        parsed_url: Path(
                            ParsedPathUrl {
                                url: Url {
                                    scheme: "file",
                                    cannot_be_a_base: false,
                                    username: "",
                                    password: None,
                                    host: None,
                                    port: None,
                                    path: "/<REQUIREMENTS_DIR>/editable",
                                    query: None,
                                    fragment: None,
                                },
                                install_path: "<REQUIREMENTS_DIR>/editable",
                                lock_path: "./editable",
                                editable: true,
                            },
                        ),
                        verbatim: VerbatimUrl {
                            url: Url {
                                scheme: "file",
                                cannot_be_a_base: false,
                                username: "",
                                password: None,
                                host: None,
                                port: None,
                                path: "/<REQUIREMENTS_DIR>/editable",
                                query: None,
                                fragment: None,
                            },
                            given: Some(
                                "./editable",
                            ),
                        },
                    },
                    extras: [],
                    marker: Some(
                        And(
                            [
                                Expression(
                                    Version {
                                        key: PythonVersion,
                                        specifier: VersionSpecifier {
                                            operator: GreaterThanEqual,
                                            version: "3.9",
                                        },
                                    },
                                ),
                                Expression(
                                    String {
                                        key: OsName,
                                        operator: Equal,
                                        value: "posix",
                                    },
                                ),
                            ],
                        ),
                    ),
                    origin: Some(
                        File(
                            "<REQUIREMENTS_DIR>/editable.txt",
                        ),
                    ),
                },
            ),
            hashes: [],
        },
        RequirementEntry {
            requirement: Unnamed(
                UnnamedRequirement {
                    url: VerbatimParsedUrl {
                        parsed_url: Path(
                            ParsedPathUrl {
                                url: Url {
                                    scheme: "file",
                                    cannot_be_a_base: false,
                                    username: "",
                                    password: None,
                                    host: None,
                                    port: None,
                                    path: "/<REQUIREMENTS_DIR>/editable[d",
                                    query: None,
                                    fragment: None,
                                },
                                install_path: "<REQUIREMENTS_DIR>/editable[d",
                                lock_path: "./editable[d",
                                editable: true,
                            },
                        ),
                        verbatim: VerbatimUrl {
                            url: Url {
                                scheme: "file",
                                cannot_be_a_base: false,
                                username: "",
                                password: None,
                                host: None,
                                port: None,
                                path: "/<REQUIREMENTS_DIR>/editable[d",
                                query: None,
                                fragment: None,
                            },
                            given: Some(
                                "./editable[d",
                            ),
                        },
                    },
                    extras: [],
                    marker: None,
                    origin: Some(
                        File(
                            "<REQUIREMENTS_DIR>/editable.txt",
                        ),
                    ),
                },
            ),
            hashes: [],
        },
    ],
    index_url: None,
    extra_index_urls: [],
    find_links: [],
    no_index: false,
    no_binary: None,
    only_binary: None,
}
