---
source: crates/requirements-txt/src/lib.rs
expression: actual
---
RequirementsTxt {
    requirements: [
        RequirementEntry {
            requirement: Pep508(
                Requirement {
                    name: PackageName(
                        "tomli",
                    ),
                    extras: [],
                    version_or_url: None,
                    marker: None,
                },
            ),
            hashes: [],
        },
    ],
    constraints: [],
    editables: [],
    index_url: None,
    extra_index_urls: [],
    find_links: [],
    no_index: false,
    no_binary: None,
    only_binary: None,
}
