---
source: crates/requirements-txt/src/lib.rs
expression: actual
---
RequirementsTxt {
    requirements: [
        RequirementEntry {
            requirement: Requirement {
                name: PackageName(
                    "inflection",
                ),
                extras: None,
                version_or_url: Some(
                    VersionSpecifier(
                        VersionSpecifiers(
                            [
                                VersionSpecifier {
                                    operator: Equal,
                                    version: "0.5.1",
                                },
                            ],
                        ),
                    ),
                ),
                marker: None,
            },
            hashes: [],
            editable: false,
        },
        RequirementEntry {
            requirement: Requirement {
                name: PackageName(
                    "upsidedown",
                ),
                extras: None,
                version_or_url: Some(
                    VersionSpecifier(
                        VersionSpecifiers(
                            [
                                VersionSpecifier {
                                    operator: Equal,
                                    version: "0.4",
                                },
                            ],
                        ),
                    ),
                ),
                marker: None,
            },
            hashes: [],
            editable: false,
        },
        RequirementEntry {
            requirement: Requirement {
                name: PackageName(
                    "numpy",
                ),
                extras: None,
                version_or_url: None,
                marker: None,
            },
            hashes: [],
            editable: false,
        },
        RequirementEntry {
            requirement: Requirement {
                name: PackageName(
                    "pandas",
                ),
                extras: Some(
                    [
                        ExtraName(
                            "tabulate",
                        ),
                    ],
                ),
                version_or_url: Some(
                    VersionSpecifier(
                        VersionSpecifiers(
                            [
                                VersionSpecifier {
                                    operator: GreaterThanEqual,
                                    version: "1",
                                },
                                VersionSpecifier {
                                    operator: LessThan,
                                    version: "2",
                                },
                            ],
                        ),
                    ),
                ),
                marker: None,
            },
            hashes: [],
            editable: false,
        },
    ],
    constraints: [],
    editables: [],
}
