---
source: crates/uv-distribution-filename/src/wheel.rs
expression: filename.compatibility_identifier()
---
1.1.1.1.1.1.1.1.1.1-80bf8598e9647cf7
