---
source: crates/puffin-cli/tests/add.rs
info:
  program: puffin
  args:
    - add
    - flask
---
success: true
exit_code: 0
----- stdout -----

----- stderr -----

