---
source: crates/puffin-cli/tests/pip_compile.rs
info:
  program: puffin
  args:
    - pip-compile
    - requirements.in
    - "--python-version"
    - py37
    - "--cache-dir"
    - /var/folders/nt/6gf2v7_s3k13zq_t3944rwz40000gn/T/.tmpQwHoBA
  env:
    VIRTUAL_ENV: /var/folders/nt/6gf2v7_s3k13zq_t3944rwz40000gn/T/.tmp1TmUIW/.venv
---
success: true
exit_code: 0
----- stdout -----
# This file was autogenerated by Puffin v0.0.1 via the following command:
#    [BIN_PATH] pip-compile requirements.in --python-version py37 --cache-dir [CACHE_DIR]
black==23.10.1
click==8.1.7
    # via black
importlib-metadata==6.8.0
    # via click
mypy-extensions==1.0.0
    # via black
packaging==23.2
    # via black
pathspec==0.11.2
    # via black
platformdirs==3.11.0
    # via black
tomli==2.0.1
    # via black
typing-extensions==4.8.0
    # via
    #   black
    #   importlib-metadata
    #   platformdirs
zipp==3.17.0
    # via importlib-metadata

----- stderr -----
Resolved 10 packages in [TIME]

