---
source: crates/puffin-cli/tests/pip_compile.rs
info:
  program: puffin
  args:
    - pip-compile
    - requirements.in
    - "--constraint"
    - constraints.txt
    - "--cache-dir"
    - /tmp/.tmpqKe52b
  env:
    VIRTUAL_ENV: /tmp/.tmpUeuA4H/.venv
---
success: true
exit_code: 0
----- stdout -----
# This file was autogenerated by Puffin v0.0.1 via the following command:
#    puffin pip-compile requirements.in --constraint constraints.txt --cache-dir [CACHE_DIR]
asgiref==3.7.2
    # via django
django==5.0b1
sqlparse==0.4.3
    # via django

----- stderr -----
Resolved 3 packages in [TIME]

