---
source: crates/puffin-cli/tests/pip_sync.rs
info:
  program: puffin
  args:
    - pip-sync
    - requirements.txt
    - "--cache-dir"
    - /var/folders/nt/6gf2v7_s3k13zq_t3944rwz40000gn/T/.tmpZNXBuT
  env:
    VIRTUAL_ENV: /var/folders/nt/6gf2v7_s3k13zq_t3944rwz40000gn/T/.tmpBYANH7/.venv
---
success: true
exit_code: 0
----- stdout -----

----- stderr -----
Resolved 1 package in [TIME]
Downloaded 1 package in [TIME]
Built 1 package in [TIME]
Unzipped 1 package in [TIME]
Installed 1 package in [TIME]
 + werkzeug @ git+https://github.com/pallets/werkzeug.git@2.0.0

