---
source: crates/puffin-cli/tests/pip_compile.rs
info:
  program: puffin
  args:
    - pip-compile
    - pyproject.toml
    - "--extra"
    - bar
    - "--cache-dir"
    - /var/folders/bc/qlsk3t6x7c9fhhbvvcg68k9c0000gp/T/.tmpllq43n
  env:
    VIRTUAL_ENV: /var/folders/bc/qlsk3t6x7c9fhhbvvcg68k9c0000gp/T/.tmpdPZj3S/.venv
---
success: false
exit_code: 2
----- stdout -----

----- stderr -----
error: Requested extra not found: bar

