---
source: crates/puffin-cli/tests/pip_sync.rs
info:
  program: puffin
  args:
    - pip-sync
    - requirements.txt
    - "--cache-dir"
    - /tmp/.tmptfyv49
  env:
    VIRTUAL_ENV: /tmp/.tmpquje1e/.venv
---
success: true
exit_code: 0
----- stdout -----

----- stderr -----
Resolved 1 package in [TIME]
Downloaded 1 package in [TIME]
Unzipped 1 package in [TIME]
Installed 1 package in [TIME]
 + werkzeug @ https://files.pythonhosted.org/packages/63/69/5702e5eb897d1a144001e21d676676bcb87b88c0862f947509ea95ea54fc/Werkzeug-0.9.6.tar.gz

