---
source: crates/puffin-cli/tests/pip_compile.rs
info:
  program: puffin
  args:
    - pip-compile
    - requirements.in
    - "--cache-dir"
    - /var/folders/nt/6gf2v7_s3k13zq_t3944rwz40000gn/T/.tmp5R6H5M
  env:
    VIRTUAL_ENV: /var/folders/nt/6gf2v7_s3k13zq_t3944rwz40000gn/T/.tmpIdL1TH/.venv
---
success: true
exit_code: 0
----- stdout -----
# This file was autogenerated by Puffin v0.0.1 via the following command:
#    [BIN_PATH] pip-compile requirements.in --cache-dir [CACHE_DIR]

----- stderr -----
Resolved 0 packages in [TIME]

