---
source: crates/puffin-cli/tests/remove.rs
info:
  program: puffin
  args:
    - remove
    - requests
---
success: true
exit_code: 0
----- stdout -----

----- stderr -----

