---
source: crates/distribution-filename/src/wheel.rs
expression: "WheelFilename::from_str(\"foo-1.2.3-foo-bar-baz.whl\")"
---
Ok(
    WheelFilename {
        name: PackageName(
            "foo",
        ),
        version: "1.2.3",
        python_tag: [
            "foo",
        ],
        abi_tag: [
            "bar",
        ],
        platform_tag: [
            "baz",
        ],
    },
)
