---
source: crates/uv/tests/ecosystem.rs
expression: snapshot
---
success: true
exit_code: 0
----- stdout -----

----- stderr -----
Resolved 296 packages in [TIME]
